I'm sorry, but errors were detected in your script. Please correct the
errors listed below, and try again.


File "game/script.rpy", line 134: Indentation mismatch.
    "Christine slips her small, soft hand over mine and leads me out of the hallway."

Ren'Py Version: Ren'Py 8.5.2.26010301
Mon Mar  9 16:56:06 2026
